24 19 0 5 25 15 1 13 0 0 1 0 0 12 16 41 13 0 0 1 11 22 15 -1 15 0 13 0 0 1 9 11 10 9 11 0 1 1 12 15 -1 13 0 0 1 11 0 5 7 18 16 15 -1 21 -1