24 19 0 5 25 15 1 15 1 13 0 1 1 0 1 12 15 -1 13 0 0 1 0 0 12 15 -1 16 54 13 0 0 1 11 22 15 -1 15 0 13 0 0 1 13 0 0 1 11 0 1 1 12 15 -1 13 0 0 1 11 0 3 7 18 29 15 -2 21 -1