24 19 0 5 25 15 1 15 1 13 0 0 1 0 0 12 15 -1 13 0 1 1 13 0 0 1 11 0 1 17 35 0 1 16 37 0 0 10 7 12 15 -1 13 0 1 1 11 22 15 -1 13 0 1 1 13 0 0 1 11 0 1 17 67 0 1 16 69 0 0 7 12 15 -1 13 0 1 1 11 22 15 -1 15 -2 21 -1