24 19 0 5 25 15 1 15 1 13 0 1 12 15 -1 13 0 1 1 13 13 11 0 1 1 12 12 15 -1 13 11 22 15 -1 13 0 1 1 11 22 15 -1 13 0 1 1 13 13 11 0 1 2 12 12 15 -1 13 11 22 15 -1 13 0 1 1 11 22 15 -1 13 0 1 1 0 1 2 13 11 12 15 -1 13 11 22 15 -1 13 0 1 1 11 22 15 -1 13 0 1 1 0 1 1 13 11 12 15 -1 13 11 22 15 -1 13 0 1 1 0 2 12 15 -1 0 2 13 0 1 1 13 0 1 1 11 0 1 2 12 3 22 15 -1 13 0 1 1 0 2 12 15 -1 0 1 2 13 0 1 1 11 22 21 2